14.141.162.161 - - [23/Mar/2020:12:16:02 +0000] "PATCH /flight-schedule/ahmedabad-dehradun-flights.html HTTP/1.1" 201 13299 "-" "Mozilla/5.0 (compatible; AhrefsBot/5.2; +http://ahrefs.com/robot/)"
172.32.0.247 - - [23/Mar/2020:12:35:06 +0000] "DELETE /flight-schedule/olbia-cologne-flights.html HTTP/1.1" 302 2100 "-" "Mozilla/5.0 (compatible; Qwantify/2.4w; +https://www.qwant.com/)/2.4w"
172.32.0.247 - - [23/Mar/2020:12:35:07 +0000] "PATCH /flight-schedule/olbia-cologne-flights.html HTTP/1.1" 500 17641 "-" "Mozilla/5.0 (compatible; AhrefsBot/5.2; +http://ahrefs.com/robot/)"
172.30.0.91 - - [23/Mar/2020:12:35:12 +0000] "GET /flight-booking/air-arabia-multan-sharjah-flights.html HTTP/1.1" 404 2698 "-" "Mozilla/5.0 (compatible; Qwantify/2.4w; +https://www.qwant.com/)/2.4w"
14.141.162.161 - - [23/Mar/2020:12:35:14 +0000] "PATCH /flight-booking/air-europa-madrid-new-york-flights.html HTTP/1.1" 404 1758 "-" "Mozilla/5.0 (compatible; bingbot/2.0; +http://www.bing.com/bingbot.htm)"
172.30.0.91 - - [23/Mar/2020:12:35:33 +0000] "GET /ar/flight-booking/doha-cairo-flights.html HTTP/1.1" 201 17666 "-" "Mozilla/5.0 (compatible; AhrefsBot/5.2; +http://ahrefs.com/robot/)"
172.30.0.13 - - [23/Mar/2020:12:35:51 +0000] "POST /ar/flight-booking/doha-cairo-flights.html HTTP/1.1" 404 16892 "-" "Mozilla/5.0 (iPhone; CPU iPhone OS 11_0 like Mac OS X) AppleWebKit/537.36 (KHTML, like Gecko) Chrome/46.0.2476.463 Mobile Safari/537.36"
14.141.162.161 - - [23/Mar/2020:12:35:54 +0000] "POST /ar/flight-booking/doha-cairo-flights.html HTTP/1.1" 404 6098 "-" "Mozilla/5.0 (iPhone; CPU iPhone OS 11_0 like Mac OS X) AppleWebKit/537.36 (KHTML, like Gecko) Chrome/46.0.2476.463 Mobile Safari/537.36"
172.32.0.247 - - [23/Mar/2020:12:35:55 +0000] "DELETE /flight-booking/air-europa-madrid-new-york-flights.html HTTP/1.1" 300 12664 "-" "Mozilla/5.0 (compatible; Qwantify/2.4w; +https://www.qwant.com/)/2.4w"
172.32.0.247 - - [23/Mar/2020:12:35:56 +0000] "POST /healthCheck.html HTTP/1.1" 300 495 "-" "Mozilla/5.0 (compatible; AhrefsBot/5.2; +http://ahrefs.com/robot/)"
172.30.0.91 - - [23/Mar/2020:12:35:57 +0000] "PATCH /ar/flight-schedule/istanbul-hatay-flights.html HTTP/1.1" 302 9837 "-" "Mozilla/5.0 (iPhone; CPU iPhone OS 11_0 like Mac OS X) AppleWebKit/537.36 (KHTML, like Gecko) Chrome/46.0.2476.463 Mobile Safari/537.36"
14.141.162.161 - - [23/Mar/2020:12:35:58 +0000] "PATCH /ar/flight-booking/doha-cairo-flights.html HTTP/1.1" 302 8891 "-" "Mozilla/5.0 (compatible; AhrefsBot/5.2; +http://ahrefs.com/robot/)"
172.30.0.91 - - [23/Mar/2020:12:35:59 +0000] "PATCH /ar/flight-booking/doha-cairo-flights.html HTTP/1.1" 404 17621 "-" "Mozilla/5.0 (compatible; Qwantify/2.4w; +https://www.qwant.com/)/2.4w"
172.30.0.13 - - [23/Mar/2020:12:36:00 +0000] "GET /flight-schedule/dehradun-lucknow-flights.html HTTP/1.1" 300 5735 "-" "Mozilla/5.0 (compatible; SemrushBot/2~bl; +http://www.semrush.com/bot.html)"
172.30.0.91 - - [23/Mar/2020:12:36:01 +0000] "GET /ar/flight-booking/doha-cairo-flights.html HTTP/1.1" 201 1460 "-" "Mozilla/5.0 (compatible; Qwantify/2.4w; +https://www.qwant.com/)/2.4w"
172.32.0.247 - - [23/Mar/2020:12:36:02 +0000] "POST /flight-schedule/dehradun-lucknow-flights.html HTTP/1.1" 302 19743 "-" "Mozilla/5.0 (compatible; Googlebot/2.1; +http://www.google.com/bot.html)"
172.32.0.247 - - [23/Mar/2020:12:36:03 +0000] "DELETE /ar/flight-booking/doha-cairo-flights.html HTTP/1.1" 201 11021 "-" "Mozilla/5.0 (compatible; bingbot/2.0; +http://www.bing.com/bingbot.htm)"
172.32.0.247 - - [23/Mar/2020:12:36:03 +0000] "DELETE /flight-booking/air-arabia-multan-sharjah-flights.html HTTP/1.1" 300 4049 "-" "Mozilla/5.0 (compatible; AhrefsBot/5.2; +http://ahrefs.com/robot/)"
172.30.0.91 - - [23/Mar/2020:12:36:04 +0000] "POST /flight-schedule/dehradun-lucknow-flights.html HTTP/1.1" 302 12927 "-" "Mozilla/5.0 (iPhone; CPU iPhone OS 11_0 like Mac OS X) AppleWebKit/537.36 (KHTML, like Gecko) Chrome/46.0.2476.463 Mobile Safari/537.36"
172.30.0.91 - - [23/Mar/2020:12:36:04 +0000] "DELETE /flight-schedule/kano-khartoum-flights.html HTTP/1.1" 300 6981 "-" "Mozilla/5.0 (iPhone; CPU iPhone OS 11_0 like Mac OS X) AppleWebKit/537.36 (KHTML, like Gecko) Chrome/46.0.2476.463 Mobile Safari/537.36"
172.32.0.247 - - [23/Mar/2020:12:36:05 +0000] "PATCH /flight-schedule/ahmedabad-dehradun-flights.html HTTP/1.1" 302 1018 "-" "Mozilla/5.0 (compatible; Googlebot/2.1; +http://www.google.com/bot.html)"
172.30.0.13 - - [23/Mar/2020:12:36:06 +0000] "DELETE /flight-booking/air-arabia-multan-sharjah-flights.html HTTP/1.1" 500 16287 "-" "Mozilla/5.0 (compatible; AhrefsBot/5.2; +http://ahrefs.com/robot/)"
172.30.0.13 - - [23/Mar/2020:12:41:01 +0000] "POST /flight-booking/air-arabia-multan-sharjah-flights.html HTTP/1.1" 500 13415 "-" "Mozilla/5.0 (compatible; bingbot/2.0; +http://www.bing.com/bingbot.htm)"
192.30.0.30 - - [23/Mar/2020:12:42:02 +0000] "DELETE /ar/flight-schedule/cairo-jakarta-flights.html HTTP/1.1" 302 573 "-" "Mozilla/5.0 (compatible; Qwantify/2.4w; +https://www.qwant.com/)/2.4w"
172.30.0.91 - - [23/Mar/2020:12:43:01 +0000] "PATCH /flight-schedule/dehradun-lucknow-flights.html HTTP/1.1" 201 4002 "-" "Mozilla/5.0 (compatible; bingbot/2.0; +http://www.bing.com/bingbot.htm)"
192.30.0.30 - - [23/Mar/2020:12:44:01 +0000] "POST /ar/flight-schedule/istanbul-hatay-flights.html HTTP/1.1" 200 8480 "-" "Mozilla/5.0 (compatible; bingbot/2.0; +http://www.bing.com/bingbot.htm)"
172.32.0.247 - - [23/Mar/2020:12:45:02 +0000] "DELETE /flight-schedule/kano-khartoum-flights.html HTTP/1.1" 201 15052 "-" "Mozilla/5.0 (iPhone; CPU iPhone OS 11_0 like Mac OS X) AppleWebKit/537.36 (KHTML, like Gecko) Chrome/46.0.2476.463 Mobile Safari/537.36"
172.32.0.247 - - [23/Mar/2020:12:46:01 +0000] "PATCH /ar/flight-booking/doha-cairo-flights.html HTTP/1.1" 201 1511 "-" "Mozilla/5.0 (compatible; bingbot/2.0; +http://www.bing.com/bingbot.htm)"
172.30.0.91 - - [23/Mar/2020:12:47:01 +0000] "PATCH /ar/flight-booking/doha-cairo-flights.html HTTP/1.1" 404 15444 "-" "Mozilla/5.0 (compatible; Googlebot/2.1; +http://www.google.com/bot.html)"
172.30.0.91 - - [23/Mar/2020:12:48:02 +0000] "GET /flight-booking/air-europa-madrid-new-york-flights.html HTTP/1.1" 300 6875 "-" "Mozilla/5.0 (compatible; Qwantify/2.4w; +https://www.qwant.com/)/2.4w"
14.141.162.161 - - [23/Mar/2020:12:52:20 +0000] "GET /ar/flight-booking/doha-cairo-flights.html HTTP/1.1" 404 735 "-" "Mozilla/5.0 (compatible; bingbot/2.0; +http://www.bing.com/bingbot.htm)"
192.30.0.30 - - [23/Mar/2020:12:52:21 +0000] "POST /flight-schedule/olbia-cologne-flights.html HTTP/1.1" 201 5299 "-" "Mozilla/5.0 (compatible; Qwantify/2.4w; +https://www.qwant.com/)/2.4w"
172.32.0.247 - - [23/Mar/2020:12:52:21 +0000] "DELETE /flight-booking/air-europa-madrid-new-york-flights.html HTTP/1.1" 500 10878 "-" "Mozilla/5.0 (Linux; Android 6.0.1; Nexus 5X Build/MMB29P) AppleWebKit/537.36 (KHTML, like Gecko) Chrome/41.0.2272.96 Mobile Safari/537.36 (compatible; Googlebot/2.1; +http://www.google.com/bot.html)"
172.32.0.247 - - [23/Mar/2020:12:52:21 +0000] "PATCH /healthCheck.html HTTP/1.1" 500 14158 "-" "Mozilla/5.0 (compatible; SemrushBot/2~bl; +http://www.semrush.com/bot.html)"
172.32.0.247 - - [23/Mar/2020:12:53:02 +0000] "POST /ar/flight-schedule/istanbul-hatay-flights.html HTTP/1.1" 404 3990 "-" "Mozilla/5.0 (Linux; Android 6.0.1; Nexus 5X Build/MMB29P) AppleWebKit/537.36 (KHTML, like Gecko) Chrome/41.0.2272.96 Mobile Safari/537.36 (compatible; Googlebot/2.1; +http://www.google.com/bot.html)"
14.141.162.161 - - [23/Mar/2020:12:55:01 +0000] "GET /healthCheck.html HTTP/1.1" 302 5083 "-" "Mozilla/5.0 (compatible; AhrefsBot/5.2; +http://ahrefs.com/robot/)"
172.32.0.247 - - [23/Mar/2020:12:56:01 +0000] "DELETE /flight-booking/air-europa-madrid-new-york-flights.html HTTP/1.1" 201 8395 "-" "Mozilla/5.0 (compatible; Googlebot/2.1; +http://www.google.com/bot.html)"
172.32.0.247 - - [23/Mar/2020:14:01:02 +0000] "GET /ar/flight-schedule/istanbul-hatay-flights.html HTTP/1.1" 302 1558 "-" "Mozilla/5.0 (Linux; Android 6.0.1; Nexus 5X Build/MMB29P) AppleWebKit/537.36 (KHTML, like Gecko) Chrome/41.0.2272.96 Mobile Safari/537.36 (compatible; Googlebot/2.1; +http://www.google.com/bot.html)"
172.30.0.91 - - [23/Mar/2020:14:02:01 +0000] "GET /ar/flight-schedule/cairo-jakarta-flights.html HTTP/1.1" 500 9829 "-" "Mozilla/5.0 (compatible; Googlebot/2.1; +http://www.google.com/bot.html)"
172.30.0.13 - - [23/Mar/2020:14:03:01 +0000] "GET /ar/flight-booking/doha-cairo-flights.html HTTP/1.1" 201 8387 "-" "Mozilla/5.0 (compatible; Googlebot/2.1; +http://www.google.com/bot.html)"
192.30.0.30 - - [23/Mar/2020:14:04:01 +0000] "PATCH /flight-booking/air-europa-madrid-new-york-flights.html HTTP/1.1" 200 18841 "-" "Mozilla/5.0 (compatible; AhrefsBot/5.2; +http://ahrefs.com/robot/)"
172.32.0.247 - - [23/Mar/2020:14:06:01 +0000] "POST /healthCheck.html HTTP/1.1" 200 530 "-" "Mozilla/5.0 (compatible; AhrefsBot/5.2; +http://ahrefs.com/robot/)"
172.32.0.247 - - [23/Mar/2020:14:07:02 +0000] "GET /flight-schedule/olbia-cologne-flights.html HTTP/1.1" 404 16179 "-" "Mozilla/5.0 (compatible; AhrefsBot/5.2; +http://ahrefs.com/robot/)"
172.32.0.247 - - [23/Mar/2020:14:08:01 +0000] "GET /ar/flight-schedule/mumbai-new-york-flights.html HTTP/1.1" 300 1294 "-" "Mozilla/5.0 (Linux; Android 6.0.1; Nexus 5X Build/MMB29P) AppleWebKit/537.36 (KHTML, like Gecko) Chrome/41.0.2272.96 Mobile Safari/537.36 (compatible; Googlebot/2.1; +http://www.google.com/bot.html)"
14.141.162.161 - - [23/Mar/2020:14:09:01 +0000] "DELETE /flight-schedule/dehradun-lucknow-flights.html HTTP/1.1" 404 3047 "-" "Mozilla/5.0 (compatible; SemrushBot/2~bl; +http://www.semrush.com/bot.html)"
172.32.0.247 - - [23/Mar/2020:14:10:02 +0000] "PATCH /healthCheck.html HTTP/1.1" 500 15550 "-" "Mozilla/5.0 (compatible; Googlebot/2.1; +http://www.google.com/bot.html)"
172.32.0.247 - - [23/Mar/2020:14:11:01 +0000] "DELETE /healthCheck.html HTTP/1.1" 200 1408 "-" "Mozilla/5.0 (Linux; Android 6.0.1; Nexus 5X Build/MMB29P) AppleWebKit/537.36 (KHTML, like Gecko) Chrome/41.0.2272.96 Mobile Safari/537.36 (compatible; Googlebot/2.1; +http://www.google.com/bot.html)"
172.30.0.91 - - [23/Mar/2020:14:12:01 +0000] "POST /ar/flight-schedule/mumbai-new-york-flights.html HTTP/1.1" 404 13802 "-" "Mozilla/5.0 (compatible; AhrefsBot/5.2; +http://ahrefs.com/robot/)"
172.30.0.91 - - [23/Mar/2020:14:13:02 +0000] "PATCH /ar/flight-schedule/mumbai-new-york-flights.html HTTP/1.1" 201 7176 "-" "Mozilla/5.0 (compatible; AhrefsBot/5.2; +http://ahrefs.com/robot/)"
172.32.0.247 - - [23/Mar/2020:14:14:01 +0000] "DELETE /flight-booking/air-europa-madrid-new-york-flights.html HTTP/1.1" 302 16729 "-" "Mozilla/5.0 (compatible; SemrushBot/2~bl; +http://www.semrush.com/bot.html)"
172.30.0.91 - - [23/Mar/2020:14:15:01 +0000] "POST /ar/flight-booking/doha-cairo-flights.html HTTP/1.1" 500 9391 "-" "Mozilla/5.0 (compatible; AhrefsBot/5.2; +http://ahrefs.com/robot/)"
192.30.0.30 - - [23/Mar/2020:14:16:02 +0000] "PATCH /flight-booking/air-europa-madrid-new-york-flights.html HTTP/1.1" 302 1398 "-" "Mozilla/5.0 (compatible; Googlebot/2.1; +http://www.google.com/bot.html)"
172.32.0.247 - - [23/Mar/2020:14:17:01 +0000] "GET /flight-schedule/dehradun-lucknow-flights.html HTTP/1.1" 300 17922 "-" "Mozilla/5.0 (iPhone; CPU iPhone OS 11_0 like Mac OS X) AppleWebKit/537.36 (KHTML, like Gecko) Chrome/46.0.2476.463 Mobile Safari/537.36"
172.30.0.13 - - [23/Mar/2020:14:18:01 +0000] "PATCH /flight-schedule/kano-khartoum-flights.html HTTP/1.1" 201 4700 "-" "Mozilla/5.0 (compatible; AhrefsBot/5.2; +http://ahrefs.com/robot/)"
192.30.0.30 - - [23/Mar/2020:14:19:02 +0000] "PATCH /ar/flight-booking/doha-cairo-flights.html HTTP/1.1" 302 1443 "-" "Mozilla/5.0 (compatible; AhrefsBot/5.2; +http://ahrefs.com/robot/)"
172.32.0.247 - - [23/Mar/2020:14:20:01 +0000] "PATCH /healthCheck.html HTTP/1.1" 404 10977 "-" "Mozilla/5.0 (compatible; Googlebot/2.1; +http://www.google.com/bot.html)"
172.30.0.13 - - [23/Mar/2020:14:21:01 +0000] "DELETE /flight-schedule/dehradun-lucknow-flights.html HTTP/1.1" 200 18423 "-" "Mozilla/5.0 (compatible; AhrefsBot/5.2; +http://ahrefs.com/robot/)"
172.32.0.247 - - [23/Mar/2020:14:22:02 +0000] "DELETE /ar/flight-schedule/istanbul-hatay-flights.html HTTP/1.1" 300 4825 "-" "Mozilla/5.0 (compatible; bingbot/2.0; +http://www.bing.com/bingbot.htm)"
172.30.0.91 - - [23/Mar/2020:14:23:01 +0000] "DELETE /ar/flight-schedule/istanbul-hatay-flights.html HTTP/1.1" 200 15876 "-" "Mozilla/5.0 (compatible; Googlebot/2.1; +http://www.google.com/bot.html)"
172.32.0.247 - - [23/Mar/2020:14:24:01 +0000] "PATCH /healthCheck.html HTTP/1.1" 200 1271 "-" "Mozilla/5.0 (compatible; AhrefsBot/5.2; +http://ahrefs.com/robot/)"
172.30.0.13 - - [23/Mar/2020:14:25:01 +0000] "PATCH /flight-schedule/ahmedabad-dehradun-flights.html HTTP/1.1" 200 11780 "-" "Mozilla/5.0 (compatible; bingbot/2.0; +http://www.bing.com/bingbot.htm)"
172.30.0.13 - - [23/Mar/2020:14:26:01 +0000] "POST /flight-schedule/dehradun-lucknow-flights.html HTTP/1.1" 300 15701 "-" "Mozilla/5.0 (compatible; Googlebot/2.1; +http://www.google.com/bot.html)"
172.30.0.13 - - [23/Mar/2020:14:28:01 +0000] "POST /ar/flight-schedule/istanbul-hatay-flights.html HTTP/1.1" 404 5523 "-" "Mozilla/5.0 (compatible; AhrefsBot/5.2; +http://ahrefs.com/robot/)"
172.30.0.13 - - [23/Mar/2020:14:29:02 +0000] "DELETE /ar/flight-schedule/istanbul-hatay-flights.html HTTP/1.1" 302 9618 "-" "Mozilla/5.0 (compatible; bingbot/2.0; +http://www.bing.com/bingbot.htm)"
172.30.0.13 - - [23/Mar/2020:14:30:01 +0000] "GET /flight-schedule/kano-khartoum-flights.html HTTP/1.1" 302 17246 "-" "Mozilla/5.0 (compatible; AhrefsBot/5.2; +http://ahrefs.com/robot/)"
